[
  {
    "client": "A G Equipment Company",
    "stage": "coverage_data",
    "insured": "2feec359-fa24-4063-aa29-60c6348e6b85",
    "error": "socket hang up"
  },
  {
    "client": "A G Equipment Company",
    "stage": "coverage_data",
    "insured": "5feee4d7-412b-4853-99b6-80aa6c0e65b2",
    "error": "socket hang up"
  },
  {
    "client": "Bauer Foundation Corp.",
    "stage": "criteria",
    "insured": "964de083-bd30-46cb-b2af-3796209a3943",
    "error": "socket hang up"
  },
  {
    "client": "Canadian Pacific Kansas City",
    "stage": "criteria",
    "insured": "97235d20-11f4-4744-b4c2-a1af05fc572e",
    "error": "socket hang up"
  },
  {
    "client": "Canadian Pacific Kansas City",
    "stage": "coverage_data",
    "insured": "9750a5ca-c459-4331-8a4e-910285c5e065",
    "error": "socket hang up"
  },
  {
    "client": "Canadian Pacific Kansas City",
    "stage": "criteria",
    "insured": "97274633-1d2e-442e-b84f-70273a3d8242",
    "error": "socket hang up"
  },
  {
    "client": "Canadian Pacific Kansas City",
    "stage": "criteria",
    "insured": "9983d0ab-f598-4659-89d3-9d1b31d458c7",
    "error": "socket hang up"
  },
  {
    "client": "Canadian Pacific Kansas City",
    "stage": "criteria",
    "insured": "999ad8c9-99e6-44df-988c-320a07a1184b",
    "error": "socket hang up"
  },
  {
    "client": "Canadian Pacific Kansas City",
    "stage": "criteria",
    "insured": "99956884-d42f-4e08-83f8-4ab476f5164b",
    "error": "socket hang up"
  },
  {
    "client": "Canadian Pacific Kansas City",
    "stage": "coverage_data",
    "insured": "99e913a0-cf85-4da8-b7ba-cfb3c74af920",
    "error": "socket hang up"
  },
  {
    "client": "Canadian Pacific Kansas City",
    "stage": "coverage_data",
    "insured": "99eb5c8f-f616-4ab7-8387-ef77477d434d",
    "error": "socket hang up"
  },
  {
    "client": "Canadian Pacific Kansas City",
    "stage": "criteria",
    "insured": "9981dceb-193f-4fef-9806-2c3b79cdbb79",
    "error": "socket hang up"
  },
  {
    "client": "Canadian Pacific Kansas City",
    "stage": "criteria",
    "insured": "9a66828b-52b3-4632-8e8c-45cc5e729618",
    "error": "socket hang up"
  },
  {
    "client": "Canadian Pacific Kansas City",
    "stage": "coverage_data",
    "insured": "9aa347e9-fec7-4a3b-91f5-19774b34d46f",
    "error": "socket hang up"
  },
  {
    "client": "Canadian Pacific Kansas City",
    "stage": "criteria",
    "insured": "9a617cc7-e4f8-423f-ad44-46d0d515382f",
    "error": "HTTP 401 on /insurance/insureds/9a617cc7-e4f8-423f-ad44-46d0d515382f/status: {\"detail\": \"The specified credentials did not match any recognized by the system.\", \"heading\": \"Invalid credentials specified\", \"auth_error\": \"InvalidCredentialsSpecified\"}\n"
  },
  {
    "client": "Canadian Pacific Kansas City",
    "stage": "criteria",
    "insured": "c4a4eb63-eb82-4dbe-81c1-3e33adfba52d",
    "error": "socket hang up"
  },
  {
    "client": "Canadian Pacific Kansas City",
    "stage": "coverage_data",
    "insured": "c55fd1b9-4a1a-412f-804b-16d01abfd6b9",
    "error": "socket hang up"
  },
  {
    "client": "Canadian Pacific Kansas City",
    "stage": "criteria",
    "insured": "c4ab1030-1168-4d9b-b0a5-af6bedd00b38",
    "error": "socket hang up"
  },
  {
    "client": "Canadian Pacific Kansas City",
    "stage": "coverage_data",
    "insured": "c569b5e6-5faf-4ad7-9627-da7f9f56b3d9",
    "error": "socket hang up"
  },
  {
    "client": "Canadian Pacific Kansas City",
    "stage": "coverage_data",
    "insured": "c57bc761-b88f-49f2-9694-e77f40a60f74",
    "error": "socket hang up"
  },
  {
    "client": "Canadian Pacific Kansas City",
    "stage": "criteria",
    "insured": "c4c8ccd7-9c4b-4467-87a2-b54789ecb40d",
    "error": "socket hang up"
  },
  {
    "client": "EMMES",
    "stage": "coverage_data",
    "insured": "8498cb2e-6a3e-4339-8dfc-952d3fbbc8b8",
    "error": "socket hang up"
  },
  {
    "client": "EMMES",
    "stage": "coverage_data",
    "insured": "857b49d6-b611-47c3-bc6c-beae133a2afb",
    "error": "socket hang up"
  },
  {
    "client": "EMMES",
    "stage": "coverage_data",
    "insured": "7956fa83-8f71-4908-96bb-88487d89ffb3",
    "error": "HTTP 401 on /insurance/insureds/7956fa83-8f71-4908-96bb-88487d89ffb3/data: {\"detail\": \"The specified credentials did not match any recognized by the system.\", \"heading\": \"Invalid credentials specified\", \"auth_error\": \"InvalidCredentialsSpecified\"}\n"
  },
  {
    "client": "EMMES",
    "stage": "coverage_data",
    "insured": "9a4a00e7-dbb5-48c7-9cba-d857dff421a7",
    "error": "socket hang up"
  },
  {
    "client": "ESS Companies",
    "stage": "criteria",
    "insured": "0c12ad25-b7be-416d-b3c6-7a205f59b76f",
    "error": "socket hang up"
  },
  {
    "client": "ESS Companies",
    "stage": "coverage_data",
    "insured": "0d4c8a1d-a724-4ddb-a2cd-d94611575815",
    "error": "socket hang up"
  },
  {
    "client": "ESS Companies",
    "stage": "coverage_data",
    "insured": "0d5841d7-34a9-4b38-b7a7-198b3a167a88",
    "error": "socket hang up"
  },
  {
    "client": "ESS Companies",
    "stage": "coverage_data",
    "insured": "294b2a9b-beac-4557-b895-4052c6ab69fe",
    "error": "socket hang up"
  },
  {
    "client": "ESS Companies",
    "stage": "coverage_data",
    "insured": "295d5bc3-78e1-4709-bada-dae22735ae9f",
    "error": "socket hang up"
  },
  {
    "client": "ESS Companies",
    "stage": "criteria",
    "insured": "55d9f5fe-cd8d-4724-aa9f-9580e4e8a56f",
    "error": "socket hang up"
  },
  {
    "client": "ESS Companies",
    "stage": "coverage_data",
    "insured": "56a82628-9927-4fee-bb62-6d77385544fc",
    "error": "socket hang up"
  },
  {
    "client": "ESS Companies",
    "stage": "coverage_data",
    "insured": "56c535cc-3f92-440d-ab94-07a7df34d016",
    "error": "socket hang up"
  },
  {
    "client": "ESS Companies",
    "stage": "criteria",
    "insured": "55c98ede-d543-4319-9662-6bb716e9e480",
    "error": "socket hang up"
  },
  {
    "client": "Gart Properties",
    "stage": "criteria",
    "insured": "604bedfa-42b9-4dec-b907-beaf23112ce3",
    "error": "socket hang up"
  },
  {
    "client": "Gart Properties",
    "stage": "criteria",
    "insured": "601bede8-1211-4747-86d0-2e107e6babf2",
    "error": "socket hang up"
  },
  {
    "client": "Gart Properties",
    "stage": "coverage_data",
    "insured": "8a98e171-eed6-4988-9e09-afefe64cacf4",
    "error": "socket hang up"
  },
  {
    "client": "Gart Properties",
    "stage": "criteria",
    "insured": "873be3f8-d978-4985-8554-17e6c0ec60a3",
    "error": "socket hang up"
  },
  {
    "client": "Kolb Grading",
    "stage": "criteria",
    "insured": "4c03d636-4391-4281-bf10-e5bfae413abe",
    "error": "socket hang up"
  },
  {
    "client": "Kolb Grading",
    "stage": "criteria",
    "insured": "4ca6f0ad-52b2-43a0-9643-7efd35136c8c",
    "error": "socket hang up"
  },
  {
    "client": "Kolb Grading",
    "stage": "criteria",
    "insured": "4f5cb6b3-aaa9-4642-80d2-46378d095a7b",
    "error": "socket hang up"
  },
  {
    "client": "Kolb Grading",
    "stage": "coverage_data",
    "insured": "5e5f21f6-05d4-454c-8f5c-86a4967bc19d",
    "error": "HTTP 401 on /insurance/insureds/5e5f21f6-05d4-454c-8f5c-86a4967bc19d/data: {\"detail\": \"The specified credentials did not match any recognized by the system.\", \"heading\": \"Invalid credentials specified\", \"auth_error\": \"InvalidCredentialsSpecified\"}\n"
  },
  {
    "client": "Kolb Grading",
    "stage": "criteria",
    "insured": "657fef90-0135-42db-80c5-b77b631bb2ea",
    "error": "socket hang up"
  },
  {
    "client": "Scandroli Construction",
    "stage": "coverage_data",
    "insured": "6a74701f-3f6a-4b0f-a879-5bc7b13a931f",
    "error": "socket hang up"
  },
  {
    "client": "The Abbey Management Company",
    "stage": "coverage_data",
    "insured": "873424de-f407-405c-b2bc-da5a4d52700e",
    "error": "socket hang up"
  },
  {
    "client": "United Coal Company LLC",
    "stage": "insureds",
    "error": "socket hang up"
  }
]